Archive member included because of file (symbol)

c:/program files (x86)/gnu tools arm embedded/4.8 2013q4/bin/../lib/gcc/arm-none-eabi/4.8.3/armv6-m\libgcc.a(_udivsi3.o)
                              ..\obj\DrvSYS.o (__aeabi_uidiv)
c:/program files (x86)/gnu tools arm embedded/4.8 2013q4/bin/../lib/gcc/arm-none-eabi/4.8.3/armv6-m\libgcc.a(_dvmd_tls.o)
                              c:/program files (x86)/gnu tools arm embedded/4.8 2013q4/bin/../lib/gcc/arm-none-eabi/4.8.3/armv6-m\libgcc.a(_udivsi3.o) (__aeabi_idiv0)
c:/program files (x86)/gnu tools arm embedded/4.8 2013q4/bin/../lib/gcc/arm-none-eabi/4.8.3/../../../../arm-none-eabi/lib/armv6-m\libg.a(lib_a-memcpy-stub.o)
                              ..\obj\DrvADC.o (memcpy)

Allocating common symbols
Common symbol       size              file

adc_agnd_arr        0x80              ..\obj\adc.o
bg_r                0x1               ..\obj\Bargraph.o
bg_disp_pos         0x1               ..\obj\Bargraph.o
bg_l                0x1               ..\obj\Bargraph.o

Discarded input sections

 .text          0x00000000        0x0 ..\obj\startup_M051Series.o
 .data          0x00000000        0x0 ..\obj\startup_M051Series.o
 .bss           0x00000000        0x0 ..\obj\startup_M051Series.o
 .text          0x00000000        0x0 ..\obj\Bargraph.o
 .data          0x00000000        0x0 ..\obj\Bargraph.o
 .bss           0x00000000        0x0 ..\obj\Bargraph.o
 .text          0x00000000        0x0 ..\obj\main.o
 .data          0x00000000        0x0 ..\obj\main.o
 .bss           0x00000000        0x0 ..\obj\main.o
 .text          0x00000000        0x0 ..\obj\DrvGPIO.o
 .data          0x00000000        0x0 ..\obj\DrvGPIO.o
 .text.NVIC_EnableIRQ
                0x00000000       0x2c ..\obj\DrvGPIO.o
 .text.NVIC_DisableIRQ
                0x00000000       0x30 ..\obj\DrvGPIO.o
 .text.NVIC_SetPriority
                0x00000000       0xe0 ..\obj\DrvGPIO.o
 .text.DrvGPIO_Close
                0x00000000       0x48 ..\obj\DrvGPIO.o
 .text.DrvGPIO_SetBit
                0x00000000       0x34 ..\obj\DrvGPIO.o
 .text.DrvGPIO_GetBit
                0x00000000       0x30 ..\obj\DrvGPIO.o
 .text.DrvGPIO_ClrBit
                0x00000000       0x34 ..\obj\DrvGPIO.o
 .text.DrvGPIO_GetPortBits
                0x00000000       0x28 ..\obj\DrvGPIO.o
 .text.DrvGPIO_GetDoutBit
                0x00000000       0x34 ..\obj\DrvGPIO.o
 .text.DrvGPIO_GetPortDoutBits
                0x00000000       0x24 ..\obj\DrvGPIO.o
 .text.DrvGPIO_SetBitMask
                0x00000000       0x3c ..\obj\DrvGPIO.o
 .text.DrvGPIO_GetBitMask
                0x00000000       0x38 ..\obj\DrvGPIO.o
 .text.DrvGPIO_ClrBitMask
                0x00000000       0x40 ..\obj\DrvGPIO.o
 .text.DrvGPIO_SetPortMask
                0x00000000       0x34 ..\obj\DrvGPIO.o
 .text.DrvGPIO_GetPortMask
                0x00000000       0x24 ..\obj\DrvGPIO.o
 .text.DrvGPIO_ClrPortMask
                0x00000000       0x3c ..\obj\DrvGPIO.o
 .text.DrvGPIO_EnableDigitalInputBit
                0x00000000       0x40 ..\obj\DrvGPIO.o
 .text.DrvGPIO_DisableDigitalInputBit
                0x00000000       0x40 ..\obj\DrvGPIO.o
 .text.DrvGPIO_EnableDebounce
                0x00000000       0x4c ..\obj\DrvGPIO.o
 .text.DrvGPIO_DisableDebounce
                0x00000000       0x4c ..\obj\DrvGPIO.o
 .text.DrvGPIO_SetDebounceTime
                0x00000000       0x64 ..\obj\DrvGPIO.o
 .text.DrvGPIO_GetDebounceSampleCycle
                0x00000000       0x18 ..\obj\DrvGPIO.o
 .text.DrvGPIO_EnableInt
                0x00000000      0x154 ..\obj\DrvGPIO.o
 .text.DrvGPIO_DisableInt
                0x00000000       0x7c ..\obj\DrvGPIO.o
 .text.DrvGPIO_SetIntCallback
                0x00000000       0x24 ..\obj\DrvGPIO.o
 .text.DrvGPIO_EnableEINT
                0x00000000      0x10c ..\obj\DrvGPIO.o
 .text.DrvGPIO_DisableEINT
                0x00000000       0x58 ..\obj\DrvGPIO.o
 .text.DrvGPIO_GetIntStatus
                0x00000000       0x28 ..\obj\DrvGPIO.o
 .text.DrvGPIO_GetVersion
                0x00000000       0x10 ..\obj\DrvGPIO.o
 .text          0x00000000        0x0 ..\obj\DrvSYS.o
 .data          0x00000000        0x0 ..\obj\DrvSYS.o
 .text.NVIC_EnableIRQ
                0x00000000       0x2c ..\obj\DrvSYS.o
 .text.NVIC_DisableIRQ
                0x00000000       0x30 ..\obj\DrvSYS.o
 .text.NVIC_SetPriority
                0x00000000       0xe0 ..\obj\DrvSYS.o
 .text.DrvSYS_GetVersion
                0x00000000       0x10 ..\obj\DrvSYS.o
 .text.DrvSYS_ReadProductID
                0x00000000       0x10 ..\obj\DrvSYS.o
 .text.DrvSYS_UnlockProtectedReg
                0x00000000       0x54 ..\obj\DrvSYS.o
 .text.DrvSYS_LockProtectedReg
                0x00000000       0x3c ..\obj\DrvSYS.o
 .text.DrvSYS_GetResetSource
                0x00000000       0x14 ..\obj\DrvSYS.o
 .text.DrvSYS_ClearResetSource
                0x00000000       0x1c ..\obj\DrvSYS.o
 .text.DrvSYS_ResetIP
                0x00000000       0x6c ..\obj\DrvSYS.o
 .text.DrvSYS_ResetCPU
                0x00000000       0x14 ..\obj\DrvSYS.o
 .text.DrvSYS_ResetChip
                0x00000000       0x14 ..\obj\DrvSYS.o
 .text.DrvSYS_SelectBODVolt
                0x00000000       0x30 ..\obj\DrvSYS.o
 .text.DrvSYS_SetBODFunction
                0x00000000       0x7c ..\obj\DrvSYS.o
 .text.DrvSYS_EnableBODLowPowerMode
                0x00000000       0x14 ..\obj\DrvSYS.o
 .text.DrvSYS_DisableBODLowPowerMode
                0x00000000       0x14 ..\obj\DrvSYS.o
 .text.DrvSYS_GetBODState
                0x00000000       0x18 ..\obj\DrvSYS.o
 .text.DrvSYS_EnableLowVoltReset
                0x00000000       0x14 ..\obj\DrvSYS.o
 .text.DrvSYS_DisableLowVoltReset
                0x00000000       0x14 ..\obj\DrvSYS.o
 .text.DrvSYS_EnablePOR
                0x00000000       0x10 ..\obj\DrvSYS.o
 .text.DrvSYS_DisablePOR
                0x00000000       0x14 ..\obj\DrvSYS.o
 .text.DrvSYS_SetIPClock
                0x00000000       0xa8 ..\obj\DrvSYS.o
 .text.DrvSYS_SelectIPClockSource
                0x00000000      0x1bc ..\obj\DrvSYS.o
 .rodata        0x00000000       0x40 ..\obj\DrvSYS.o
 .text.DrvSYS_SetClockDivider
                0x00000000       0x9c ..\obj\DrvSYS.o
 .text.DrvSYS_SetPowerDownWakeUpInt
                0x00000000       0x88 ..\obj\DrvSYS.o
 .text.DrvSYS_EnterPowerDown
                0x00000000       0x4c ..\obj\DrvSYS.o
 .text.DrvSYS_SelectPLLSource
                0x00000000       0x38 ..\obj\DrvSYS.o
 .text.DrvSYS_SetPLLMode
                0x00000000       0x58 ..\obj\DrvSYS.o
 .text.DrvSYS_GetExtClockFreq
                0x00000000       0x10 ..\obj\DrvSYS.o
 .text.DrvSYS_GetPLLClockFreq
                0x00000000       0xa4 ..\obj\DrvSYS.o
 .text.DrvSYS_GetHCLKFreq
                0x00000000       0x80 ..\obj\DrvSYS.o
 .text.DrvSYS_SetFreqDividerOutput
                0x00000000       0x74 ..\obj\DrvSYS.o
 .text.DrvSYS_Delay
                0x00000000       0x3c ..\obj\DrvSYS.o
 .text.DrvSYS_GetClockSwitchStatus
                0x00000000       0x18 ..\obj\DrvSYS.o
 .text.DrvSYS_ClearClockSwitchStatus
                0x00000000       0x18 ..\obj\DrvSYS.o
 .text          0x00000000        0x0 ..\obj\adc.o
 .text          0x00000000        0x0 ..\obj\system_M051Series.o
 .bss           0x00000000        0x0 ..\obj\system_M051Series.o
 .text          0x00000000        0x0 ..\obj\DrvADC.o
 .data          0x00000000        0x0 ..\obj\DrvADC.o
 .text.NVIC_DisableIRQ
                0x00000000       0x30 ..\obj\DrvADC.o
 .text.DrvADC_Close
                0x00000000       0x60 ..\obj\DrvADC.o
 .text.DrvADC_SetADCChannel
                0x00000000       0x2c ..\obj\DrvADC.o
 .text.DrvADC_ConfigADCChannel7
                0x00000000       0x38 ..\obj\DrvADC.o
 .text.DrvADC_SetADCInputMode
                0x00000000       0x3c ..\obj\DrvADC.o
 .text.DrvADC_SetADCOperationMode
                0x00000000       0x64 ..\obj\DrvADC.o
 .text.DrvADC_SetADCClkSrc
                0x00000000       0x34 ..\obj\DrvADC.o
 .text.DrvADC_SetADCDivisor
                0x00000000       0x30 ..\obj\DrvADC.o
 .text.DrvADC_DisableADCInt
                0x00000000       0x18 ..\obj\DrvADC.o
 .text.DrvADC_EnableADCCmp0Int
                0x00000000       0x54 ..\obj\DrvADC.o
 .text.DrvADC_DisableADCCmp0Int
                0x00000000       0x18 ..\obj\DrvADC.o
 .text.DrvADC_EnableADCCmp1Int
                0x00000000       0x54 ..\obj\DrvADC.o
 .text.DrvADC_DisableADCCmp1Int
                0x00000000       0x18 ..\obj\DrvADC.o
 .text.DrvADC_GetConversionRate
                0x00000000       0x90 ..\obj\DrvADC.o
 .text.DrvADC_EnableExtTrigger
                0x00000000       0x74 ..\obj\DrvADC.o
 .text.DrvADC_DisableExtTrigger
                0x00000000       0x1c ..\obj\DrvADC.o
 .text.DrvADC_StopConvert
                0x00000000       0x1c ..\obj\DrvADC.o
 .text.DrvADC_IsConversionDone
                0x00000000       0x24 ..\obj\DrvADC.o
 .rodata        0x00000000        0x8 ..\obj\DrvADC.o
 .text.DrvADC_IsDataValid
                0x00000000       0x64 ..\obj\DrvADC.o
 .text.DrvADC_IsDataOverrun
                0x00000000       0x64 ..\obj\DrvADC.o
 .text.DrvADC_EnableADCCmp0
                0x00000000       0xdc ..\obj\DrvADC.o
 .text.DrvADC_DisableADCCmp0
                0x00000000       0x18 ..\obj\DrvADC.o
 .text.DrvADC_EnableADCCmp1
                0x00000000       0xdc ..\obj\DrvADC.o
 .text.DrvADC_DisableADCCmp1
                0x00000000       0x18 ..\obj\DrvADC.o
 .text.DrvADC_EnableSelfCalibration
                0x00000000       0x18 ..\obj\DrvADC.o
 .text.DrvADC_IsCalibrationDone
                0x00000000       0x24 ..\obj\DrvADC.o
 .text.DrvADC_DisableSelfCalibration
                0x00000000       0x18 ..\obj\DrvADC.o
 .text.DrvADC_GetVersion
                0x00000000       0x10 ..\obj\DrvADC.o
 .data          0x00000000        0x0 c:/program files (x86)/gnu tools arm embedded/4.8 2013q4/bin/../lib/gcc/arm-none-eabi/4.8.3/armv6-m\libgcc.a(_udivsi3.o)
 .bss           0x00000000        0x0 c:/program files (x86)/gnu tools arm embedded/4.8 2013q4/bin/../lib/gcc/arm-none-eabi/4.8.3/armv6-m\libgcc.a(_udivsi3.o)
 .data          0x00000000        0x0 c:/program files (x86)/gnu tools arm embedded/4.8 2013q4/bin/../lib/gcc/arm-none-eabi/4.8.3/armv6-m\libgcc.a(_dvmd_tls.o)
 .bss           0x00000000        0x0 c:/program files (x86)/gnu tools arm embedded/4.8 2013q4/bin/../lib/gcc/arm-none-eabi/4.8.3/armv6-m\libgcc.a(_dvmd_tls.o)
 .text          0x00000000        0x0 c:/program files (x86)/gnu tools arm embedded/4.8 2013q4/bin/../lib/gcc/arm-none-eabi/4.8.3/../../../../arm-none-eabi/lib/armv6-m\libg.a(lib_a-memcpy-stub.o)
 .data          0x00000000        0x0 c:/program files (x86)/gnu tools arm embedded/4.8 2013q4/bin/../lib/gcc/arm-none-eabi/4.8.3/../../../../arm-none-eabi/lib/armv6-m\libg.a(lib_a-memcpy-stub.o)
 .bss           0x00000000        0x0 c:/program files (x86)/gnu tools arm embedded/4.8 2013q4/bin/../lib/gcc/arm-none-eabi/4.8.3/../../../../arm-none-eabi/lib/armv6-m\libg.a(lib_a-memcpy-stub.o)
 .text.memcpy   0x00000000       0x84 c:/program files (x86)/gnu tools arm embedded/4.8 2013q4/bin/../lib/gcc/arm-none-eabi/4.8.3/../../../../arm-none-eabi/lib/armv6-m\libg.a(lib_a-memcpy-stub.o)
 .ARM.attributes
                0x00000000       0x2c c:/program files (x86)/gnu tools arm embedded/4.8 2013q4/bin/../lib/gcc/arm-none-eabi/4.8.3/../../../../arm-none-eabi/lib/armv6-m\libg.a(lib_a-memcpy-stub.o)
 .debug_frame   0x00000000       0x30 c:/program files (x86)/gnu tools arm embedded/4.8 2013q4/bin/../lib/gcc/arm-none-eabi/4.8.3/../../../../arm-none-eabi/lib/armv6-m\libg.a(lib_a-memcpy-stub.o)

Memory Configuration

Name             Origin             Length             Attributes
rom              0x00000000         0x00010000         xr
ram              0x20000000         0x00001000         xrw
*default*        0x00000000         0xffffffff

Linker script and memory map

                0x20001000                _eram = 0x20001000

.text           0x00000000     0x16ac
 *(.isr_vector)
 .isr_vector    0x00000000       0xc0 ..\obj\startup_M051Series.o
                0x00000000                g_pfnVectors
 *(.text*)
 .text.Default_Reset_Handler
                0x000000c0       0x64 ..\obj\startup_M051Series.o
                0x000000c0                Default_Reset_Handler
                0x000000c0                Reset_Handler
 .text.Default_Handler
                0x00000124        0x8 ..\obj\startup_M051Series.o
                0x00000124                HardFault_Handler
                0x00000124                PendSV_Handler
                0x00000124                NMI_Handler
                0x00000124                UART1_IRQHandler
                0x00000124                PS2_IRQHandler
                0x00000124                UART0_IRQHandler
                0x00000124                USBD_IRQHandler
                0x00000124                SPI1_IRQHandler
                0x00000124                TMR0_IRQHandler
                0x00000124                I2S_IRQHandler
                0x00000124                PWMA_IRQHandler
                0x00000124                TMR2_IRQHandler
                0x00000124                SPI2_IRQHandler
                0x00000124                I2C_IRQHandler
                0x00000124                WDT_IRQHandler
                0x00000124                SVC_Handler
                0x00000124                PDMA_IRQHandler
                0x00000124                TMR3_IRQHandler
                0x00000124                SPI0_IRQHandler
                0x00000124                SPI3_IRQHandler
                0x00000124                PWMB_IRQHandler
                0x00000124                TMR1_IRQHandler
 .text.Bargraph_Init
                0x0000012c       0x78 ..\obj\Bargraph.o
                0x0000012c                Bargraph_Init
 .text.Bargraph_Set
                0x000001a4       0x30 ..\obj\Bargraph.o
                0x000001a4                Bargraph_Set
 .text.Bargraph_Display
                0x000001d4      0x104 ..\obj\Bargraph.o
                0x000001d4                Bargraph_Display
 .text.NVIC_SetPriority
                0x000002d8       0xe0 ..\obj\main.o
 .text.SysTick_Config
                0x000003b8       0x4c ..\obj\main.o
 .text.main     0x00000404       0x58 ..\obj\main.o
                0x00000404                main
 .text.SysTick_Handler
                0x0000045c        0xc ..\obj\main.o
                0x0000045c                SysTick_Handler
 .text.GPIOP0P1_IRQHandler
                0x00000468       0x48 ..\obj\DrvGPIO.o
                0x00000468                GPIOP0P1_IRQHandler
 .text.GPIOP2P3P4_IRQHandler
                0x000004b0       0x5c ..\obj\DrvGPIO.o
                0x000004b0                GPIOP2P3P4_IRQHandler
 .text.EINT0_IRQHandler
                0x0000050c       0x24 ..\obj\DrvGPIO.o
                0x0000050c                EINT0_IRQHandler
 .text.EINT1_IRQHandler
                0x00000530       0x24 ..\obj\DrvGPIO.o
                0x00000530                EINT1_IRQHandler
 .text.DrvGPIO_Open
                0x00000554       0xb8 ..\obj\DrvGPIO.o
                0x00000554                DrvGPIO_Open
 .text.DrvGPIO_SetPortBits
                0x0000060c       0x2c ..\obj\DrvGPIO.o
                0x0000060c                DrvGPIO_SetPortBits
 .text.DrvGPIO_InitFunction
                0x00000638      0x29c ..\obj\DrvGPIO.o
                0x00000638                DrvGPIO_InitFunction
 .text.DrvSYS_IsProtectedRegLocked
                0x000008d4       0x1c ..\obj\DrvSYS.o
                0x000008d4                DrvSYS_IsProtectedRegLocked
 .text.BOD_IRQHandler
                0x000008f0       0x28 ..\obj\DrvSYS.o
                0x000008f0                BOD_IRQHandler
 .text.DrvSYS_SelectHCLKSource
                0x00000918       0x80 ..\obj\DrvSYS.o
                0x00000918                DrvSYS_SelectHCLKSource
 .text.DrvSYS_SelectSysTickSource
                0x00000998       0x50 ..\obj\DrvSYS.o
                0x00000998                DrvSYS_SelectSysTickSource
 .text.DrvSYS_SetOscCtrl
                0x000009e8       0x94 ..\obj\DrvSYS.o
                0x000009e8                DrvSYS_SetOscCtrl
 .text.PWRWU_IRQHandler
                0x00000a7c       0x28 ..\obj\DrvSYS.o
                0x00000a7c                PWRWU_IRQHandler
 .text.DrvSYS_GetPLLContent
                0x00000aa4      0x108 ..\obj\DrvSYS.o
                0x00000aa4                DrvSYS_GetPLLContent
 .text.DrvSYS_SetPLLContent
                0x00000bac       0x74 ..\obj\DrvSYS.o
                0x00000bac                DrvSYS_SetPLLContent
 .text.DrvSYS_Open
                0x00000c20       0xf4 ..\obj\DrvSYS.o
                0x00000c20                DrvSYS_Open
 .text.DrvSYS_GetChipClockSourceStatus
                0x00000d14       0x74 ..\obj\DrvSYS.o
                0x00000d14                DrvSYS_GetChipClockSourceStatus
 .text.adc_init
                0x00000d88       0x34 ..\obj\adc.o
                0x00000d88                adc_init
 .text.ADC_ConvReady_CallBack
                0x00000dbc       0x44 ..\obj\adc.o
                0x00000dbc                ADC_ConvReady_CallBack
 .text.level_search
                0x00000e00       0xbc ..\obj\adc.o
                0x00000e00                level_search
 .text.adc_addvalue
                0x00000ebc      0x19c ..\obj\adc.o
                0x00000ebc                adc_addvalue
 .text.SystemCoreClockUpdate
                0x00001058       0xe4 ..\obj\system_M051Series.o
                0x00001058                SystemCoreClockUpdate
 .text.SystemInit
                0x0000113c        0x8 ..\obj\system_M051Series.o
                0x0000113c                SystemInit
 .text.NVIC_EnableIRQ
                0x00001144       0x2c ..\obj\DrvADC.o
 .text.NVIC_SetPriority
                0x00001170       0xe0 ..\obj\DrvADC.o
 .text.DrvADC_Open
                0x00001250      0x120 ..\obj\DrvADC.o
                0x00001250                DrvADC_Open
 .text.DrvADC_EnableADCInt
                0x00001370       0x54 ..\obj\DrvADC.o
                0x00001370                DrvADC_EnableADCInt
 .text.ADC_IRQHandler
                0x000013c4       0xb8 ..\obj\DrvADC.o
                0x000013c4                ADC_IRQHandler
 .text.DrvADC_StartConvert
                0x0000147c       0x2c ..\obj\DrvADC.o
                0x0000147c                DrvADC_StartConvert
 .text.DrvADC_GetConversionData
                0x000014a8       0x24 ..\obj\DrvADC.o
                0x000014a8                DrvADC_GetConversionData
 .text          0x000014cc       0x9c c:/program files (x86)/gnu tools arm embedded/4.8 2013q4/bin/../lib/gcc/arm-none-eabi/4.8.3/armv6-m\libgcc.a(_udivsi3.o)
                0x000014cc                __aeabi_uidiv
                0x000014cc                __udivsi3
                0x00001554                __aeabi_uidivmod
 .text          0x00001568        0x4 c:/program files (x86)/gnu tools arm embedded/4.8 2013q4/bin/../lib/gcc/arm-none-eabi/4.8.3/armv6-m\libgcc.a(_dvmd_tls.o)
                0x00001568                __aeabi_idiv0
                0x00001568                __aeabi_ldiv0
 *(.init)
 *(.fini)
 *crtbegin.o(.ctors)
 *crtbegin?.o(.ctors)
 *(EXCLUDE_FILE(*crtend.o *crtend?.o) .ctors)
 *(SORT(.ctors.*))
 *(.ctors)
 *crtbegin.o(.dtors)
 *crtbegin?.o(.dtors)
 *(EXCLUDE_FILE(*crtend.o *crtend?.o) .dtors)
 *(SORT(.dtors.*))
 *(.dtors)
 *(.rodata*)
 .rodata        0x0000156c       0x78 ..\obj\DrvGPIO.o
 .rodata        0x000015e4       0xc8 ..\obj\adc.o
                0x000015e4                adc_sqrt_levels
 *(.eh_fram e*)

.glue_7         0x000016ac        0x0
 .glue_7        0x00000000        0x0 linker stubs

.glue_7t        0x000016ac        0x0
 .glue_7t       0x00000000        0x0 linker stubs

.vfp11_veneer   0x000016ac        0x0
 .vfp11_veneer  0x00000000        0x0 linker stubs

.v4_bx          0x000016ac        0x0
 .v4_bx         0x00000000        0x0 linker stubs

.iplt           0x000016ac        0x0
 .iplt          0x00000000        0x0 ..\obj\startup_M051Series.o

.rel.dyn        0x000016ac        0x0
 .rel.iplt      0x00000000        0x0 ..\obj\startup_M051Series.o

.ARM.extab
 *(.ARM.extab* .gnu.linkonce.armextab.*)
                0x000016ac                __exidx_start = .

.ARM.exidx
 *(.ARM.exidx* .gnu.linkonce.armexidx.*)
                0x000016ac                __exidx_end = .
                0x000016ac                __etext = .
                0x000016ac                _sidata = __etext

.data           0x20000000       0x24 load address 0x000016ac
                0x20000000                __data_start__ = .
                0x20000000                _sdata = __data_start__
 *(vtable)
 *(.data*)
 .data          0x20000000        0x8 ..\obj\adc.o
                0x20000000                adc_agnd
 .data          0x20000008       0x1c ..\obj\system_M051Series.o
                0x20000008                SystemCoreClock
                0x2000000c                CyclesPerUs
                0x20000010                gau32ClkSrcTbl
                0x20000024                . = ALIGN (0x4)
                0x20000024                PROVIDE (__preinit_array_start, .)
 *(.preinit_array)
                0x20000024                PROVIDE (__preinit_array_end, .)
                0x20000024                . = ALIGN (0x4)
                0x20000024                PROVIDE (__init_array_start, .)
 *(SORT(.init_array.*))
 *(.init_array)
                0x20000024                PROVIDE (__init_array_end, .)
                0x20000024                . = ALIGN (0x4)
                0x20000024                PROVIDE (__fini_array_start, .)
 *(SORT(.fini_array.*))
 *(.fini_array)
                0x20000024                PROVIDE (__fini_array_end, .)
 *(.jcr*)
                0x20000024                . = ALIGN (0x4)
                0x20000024                __data_end__ = .
                0x20000024                _edata = __data_end__

.igot.plt       0x20000024        0x0 load address 0x000016d0
 .igot.plt      0x00000000        0x0 ..\obj\startup_M051Series.o

.bss            0x20000028       0xdc load address 0x000016d8
                0x20000028                . = ALIGN (0x4)
                0x20000028                __bss_start__ = .
                0x20000028                _sbss = __bss_start__
 *(.bss*)
 .bss           0x20000028       0x10 ..\obj\DrvGPIO.o
 .bss           0x20000038        0x8 ..\obj\DrvSYS.o
 .bss           0x20000040       0x28 ..\obj\adc.o
                0x20000040                adc_agnd_arr_pos
                0x20000044                adc_result
                0x20000048                adc_aggregate
                0x20000058                adc_agnd_aggregate
                0x20000060                adc_sample_pos
 .bss           0x20000068       0x18 ..\obj\DrvADC.o
 *(COMMON)
 COMMON         0x20000080        0x3 ..\obj\Bargraph.o
                0x20000080                bg_r
                0x20000081                bg_disp_pos
                0x20000082                bg_l
 *fill*         0x20000083        0x1 
 COMMON         0x20000084       0x80 ..\obj\adc.o
                0x20000084                adc_agnd_arr
                0x20000104                . = ALIGN (0x4)
                0x20000104                __bss_end__ = .
                0x20000104                _ebss = __bss_end__

.heap           0x20000104        0x0
                0x20000104                __end__ = .
                0x20000104                _end = __end__
                0x20000104                end = __end__
 *(.heap*)
                0x20000104                __HeapLimit = .

.co_stack       0x20000104      0x404 load address 0x000017b4
                0x20000108                . = ALIGN (0x8)
 *fill*         0x20000104        0x4 
 *(.co_stack .co_stack.*)
 .co_stack      0x20000108      0x400 ..\obj\startup_M051Series.o
                0x20000108                pulStack
                0x20001000                __StackTop = (ORIGIN (ram) + 0x1000)
                0x20000bfc                __StackLimit = (__StackTop - SIZEOF (.co_stack))
                0x20001000                PROVIDE (__stack, __StackTop)
                0x00000001                ASSERT ((__StackLimit >= __HeapLimit), region ram  overflowed with stack)
LOAD ..\obj\startup_M051Series.o
LOAD ..\obj\Bargraph.o
LOAD ..\obj\main.o
LOAD ..\obj\DrvGPIO.o
LOAD ..\obj\DrvSYS.o
LOAD ..\obj\adc.o
LOAD ..\obj\system_M051Series.o
LOAD ..\obj\DrvADC.o
START GROUP
LOAD c:/program files (x86)/gnu tools arm embedded/4.8 2013q4/bin/../lib/gcc/arm-none-eabi/4.8.3/armv6-m\libgcc.a
LOAD c:/program files (x86)/gnu tools arm embedded/4.8 2013q4/bin/../lib/gcc/arm-none-eabi/4.8.3/../../../../arm-none-eabi/lib/armv6-m\libg.a
LOAD c:/program files (x86)/gnu tools arm embedded/4.8 2013q4/bin/../lib/gcc/arm-none-eabi/4.8.3/../../../../arm-none-eabi/lib/armv6-m\libc.a
END GROUP
OUTPUT(VU001.elf elf32-littlearm)

.debug_info     0x00000000     0x7926
 .debug_info    0x00000000       0xff ..\obj\startup_M051Series.o
 .debug_info    0x000000ff      0x169 ..\obj\Bargraph.o
 .debug_info    0x00000268      0x3f5 ..\obj\main.o
 .debug_info    0x0000065d     0x2015 ..\obj\DrvGPIO.o
 .debug_info    0x00002672     0x21f9 ..\obj\DrvSYS.o
 .debug_info    0x0000486b      0x353 ..\obj\adc.o
 .debug_info    0x00004bbe      0x86f ..\obj\system_M051Series.o
 .debug_info    0x0000542d     0x24f9 ..\obj\DrvADC.o

.debug_abbrev   0x00000000      0xd1f
 .debug_abbrev  0x00000000       0xa7 ..\obj\startup_M051Series.o
 .debug_abbrev  0x000000a7       0xbb ..\obj\Bargraph.o
 .debug_abbrev  0x00000162      0x150 ..\obj\main.o
 .debug_abbrev  0x000002b2      0x2dc ..\obj\DrvGPIO.o
 .debug_abbrev  0x0000058e      0x2d7 ..\obj\DrvSYS.o
 .debug_abbrev  0x00000865       0xfd ..\obj\adc.o
 .debug_abbrev  0x00000962      0x10e ..\obj\system_M051Series.o
 .debug_abbrev  0x00000a70      0x2af ..\obj\DrvADC.o

.debug_aranges  0x00000000      0x4d8
 .debug_aranges
                0x00000000       0x28 ..\obj\startup_M051Series.o
 .debug_aranges
                0x00000028       0x30 ..\obj\Bargraph.o
 .debug_aranges
                0x00000058       0x38 ..\obj\main.o
 .debug_aranges
                0x00000090      0x138 ..\obj\DrvGPIO.o
 .debug_aranges
                0x000001c8      0x180 ..\obj\DrvSYS.o
 .debug_aranges
                0x00000348       0x38 ..\obj\adc.o
 .debug_aranges
                0x00000380       0x28 ..\obj\system_M051Series.o
 .debug_aranges
                0x000003a8      0x130 ..\obj\DrvADC.o

.debug_ranges   0x00000000      0x458
 .debug_ranges  0x00000000       0x18 ..\obj\startup_M051Series.o
 .debug_ranges  0x00000018       0x20 ..\obj\Bargraph.o
 .debug_ranges  0x00000038       0x28 ..\obj\main.o
 .debug_ranges  0x00000060      0x128 ..\obj\DrvGPIO.o
 .debug_ranges  0x00000188      0x170 ..\obj\DrvSYS.o
 .debug_ranges  0x000002f8       0x28 ..\obj\adc.o
 .debug_ranges  0x00000320       0x18 ..\obj\system_M051Series.o
 .debug_ranges  0x00000338      0x120 ..\obj\DrvADC.o

.debug_line     0x00000000     0x1b0a
 .debug_line    0x00000000       0xc6 ..\obj\startup_M051Series.o
 .debug_line    0x000000c6      0x1c9 ..\obj\Bargraph.o
 .debug_line    0x0000028f      0x265 ..\obj\main.o
 .debug_line    0x000004f4      0x62a ..\obj\DrvGPIO.o
 .debug_line    0x00000b1e      0x737 ..\obj\DrvSYS.o
 .debug_line    0x00001255      0x1d9 ..\obj\adc.o
 .debug_line    0x0000142e      0x137 ..\obj\system_M051Series.o
 .debug_line    0x00001565      0x5a5 ..\obj\DrvADC.o

.debug_str      0x00000000     0x2f0c
 .debug_str     0x00000000      0x161 ..\obj\startup_M051Series.o
                                0x173 (size before relaxing)
 .debug_str     0x00000161      0x130 ..\obj\Bargraph.o
                                0x1f1 (size before relaxing)
 .debug_str     0x00000291      0x2da ..\obj\main.o
                                0x3f6 (size before relaxing)
 .debug_str     0x0000056b     0x15c3 ..\obj\DrvGPIO.o
                               0x1a67 (size before relaxing)
 .debug_str     0x00001b2e      0xb5f ..\obj\DrvSYS.o
                               0x1e90 (size before relaxing)
 .debug_str     0x0000268d      0x1c0 ..\obj\adc.o
                                0x45f (size before relaxing)
 .debug_str     0x0000284d       0xc5 ..\obj\system_M051Series.o
                                0x4a1 (size before relaxing)
 .debug_str     0x00002912      0x5fa ..\obj\DrvADC.o
                               0x1c0c (size before relaxing)

.comment        0x00000000       0x70
 .comment       0x00000000       0x70 ..\obj\startup_M051Series.o
                                 0x71 (size before relaxing)
 .comment       0x00000000       0x71 ..\obj\Bargraph.o
 .comment       0x00000000       0x71 ..\obj\main.o
 .comment       0x00000000       0x71 ..\obj\DrvGPIO.o
 .comment       0x00000000       0x71 ..\obj\DrvSYS.o
 .comment       0x00000000       0x71 ..\obj\adc.o
 .comment       0x00000000       0x71 ..\obj\system_M051Series.o
 .comment       0x00000000       0x71 ..\obj\DrvADC.o

.ARM.attributes
                0x00000000       0x31
 .ARM.attributes
                0x00000000       0x31 ..\obj\startup_M051Series.o
 .ARM.attributes
                0x00000031       0x31 ..\obj\Bargraph.o
 .ARM.attributes
                0x00000062       0x31 ..\obj\main.o
 .ARM.attributes
                0x00000093       0x31 ..\obj\DrvGPIO.o
 .ARM.attributes
                0x000000c4       0x31 ..\obj\DrvSYS.o
 .ARM.attributes
                0x000000f5       0x31 ..\obj\adc.o
 .ARM.attributes
                0x00000126       0x31 ..\obj\system_M051Series.o
 .ARM.attributes
                0x00000157       0x31 ..\obj\DrvADC.o
 .ARM.attributes
                0x00000188       0x1e c:/program files (x86)/gnu tools arm embedded/4.8 2013q4/bin/../lib/gcc/arm-none-eabi/4.8.3/armv6-m\libgcc.a(_udivsi3.o)
 .ARM.attributes
                0x000001a6       0x1e c:/program files (x86)/gnu tools arm embedded/4.8 2013q4/bin/../lib/gcc/arm-none-eabi/4.8.3/armv6-m\libgcc.a(_dvmd_tls.o)

.debug_frame    0x00000000     0x1078
 .debug_frame   0x00000000       0x4c ..\obj\startup_M051Series.o
 .debug_frame   0x0000004c       0x70 ..\obj\Bargraph.o
 .debug_frame   0x000000bc       0x8c ..\obj\main.o
 .debug_frame   0x00000148      0x490 ..\obj\DrvGPIO.o
 .debug_frame   0x000005d8      0x56c ..\obj\DrvSYS.o
 .debug_frame   0x00000b44       0x94 ..\obj\adc.o
 .debug_frame   0x00000bd8       0x4c ..\obj\system_M051Series.o
 .debug_frame   0x00000c24      0x434 ..\obj\DrvADC.o
 .debug_frame   0x00001058       0x20 c:/program files (x86)/gnu tools arm embedded/4.8 2013q4/bin/../lib/gcc/arm-none-eabi/4.8.3/armv6-m\libgcc.a(_udivsi3.o)
